Archive member included because of file (symbol)

c:/winavr-20100110/bin/../lib/gcc/avr/4.3.3/avr5\libgcc.a(_udivmodqi4.o)
                              ./Source/01-MCAL/Dio/Src/Dio.o (__udivmodqi4)
c:/winavr-20100110/bin/../lib/gcc/avr/4.3.3/avr5\libgcc.a(_udivmodsi4.o)
                              ./Source/01-MCAL/UART/Src/Uart.o (__udivmodsi4)
c:/winavr-20100110/bin/../lib/gcc/avr/4.3.3/avr5\libgcc.a(_exit.o)
                              c:/winavr-20100110/bin/../lib/gcc/avr/4.3.3/../../../../avr/lib/avr5/crtm32.o (exit)
c:/winavr-20100110/bin/../lib/gcc/avr/4.3.3/avr5\libgcc.a(_copy_data.o)
                              ./Source/04-APP/main.o (__do_copy_data)
c:/winavr-20100110/bin/../lib/gcc/avr/4.3.3/avr5\libgcc.a(_clear_bss.o)
                              ./Source/04-APP/main.o (__do_clear_bss)
c:/winavr-20100110/bin/../lib/gcc/avr/4.3.3/avr5\libgcc.a(_fixunssfsi.o)
                              ./Source/04-APP/main.o (__fixunssfsi)
c:/winavr-20100110/bin/../lib/gcc/avr/4.3.3/avr5\libgcc.a(_addsub_sf.o)
                              c:/winavr-20100110/bin/../lib/gcc/avr/4.3.3/avr5\libgcc.a(_fixunssfsi.o) (__subsf3)
c:/winavr-20100110/bin/../lib/gcc/avr/4.3.3/avr5\libgcc.a(_mul_sf.o)
                              ./Source/04-APP/main.o (__mulsf3)
c:/winavr-20100110/bin/../lib/gcc/avr/4.3.3/avr5\libgcc.a(_div_sf.o)
                              ./Source/02-ECUA/LM35/Src/Lm35.o (__divsf3)
c:/winavr-20100110/bin/../lib/gcc/avr/4.3.3/avr5\libgcc.a(_gt_sf.o)
                              ./Source/04-APP/main.o (__gtsf2)
c:/winavr-20100110/bin/../lib/gcc/avr/4.3.3/avr5\libgcc.a(_ge_sf.o)
                              c:/winavr-20100110/bin/../lib/gcc/avr/4.3.3/avr5\libgcc.a(_fixunssfsi.o) (__gesf2)
c:/winavr-20100110/bin/../lib/gcc/avr/4.3.3/avr5\libgcc.a(_lt_sf.o)
                              ./Source/04-APP/main.o (__ltsf2)
c:/winavr-20100110/bin/../lib/gcc/avr/4.3.3/avr5\libgcc.a(_sf_to_si.o)
                              c:/winavr-20100110/bin/../lib/gcc/avr/4.3.3/avr5\libgcc.a(_fixunssfsi.o) (__fixsfsi)
c:/winavr-20100110/bin/../lib/gcc/avr/4.3.3/avr5\libgcc.a(_thenan_sf.o)
                              c:/winavr-20100110/bin/../lib/gcc/avr/4.3.3/avr5\libgcc.a(_addsub_sf.o) (__thenan_sf)
c:/winavr-20100110/bin/../lib/gcc/avr/4.3.3/avr5\libgcc.a(_usi_to_sf.o)
                              ./Source/01-MCAL/ADC/Src/Adc.o (__floatunsisf)
c:/winavr-20100110/bin/../lib/gcc/avr/4.3.3/avr5\libgcc.a(_prologue.o)
                              c:/winavr-20100110/bin/../lib/gcc/avr/4.3.3/avr5\libgcc.a(_addsub_sf.o) (__prologue_saves__)
c:/winavr-20100110/bin/../lib/gcc/avr/4.3.3/avr5\libgcc.a(_epilogue.o)
                              c:/winavr-20100110/bin/../lib/gcc/avr/4.3.3/avr5\libgcc.a(_addsub_sf.o) (__epilogue_restores__)
c:/winavr-20100110/bin/../lib/gcc/avr/4.3.3/avr5\libgcc.a(_clzsi2.o)
                              c:/winavr-20100110/bin/../lib/gcc/avr/4.3.3/avr5\libgcc.a(_usi_to_sf.o) (__clzsi2)
c:/winavr-20100110/bin/../lib/gcc/avr/4.3.3/avr5\libgcc.a(_pack_sf.o)
                              c:/winavr-20100110/bin/../lib/gcc/avr/4.3.3/avr5\libgcc.a(_addsub_sf.o) (__pack_f)
c:/winavr-20100110/bin/../lib/gcc/avr/4.3.3/avr5\libgcc.a(_unpack_sf.o)
                              c:/winavr-20100110/bin/../lib/gcc/avr/4.3.3/avr5\libgcc.a(_addsub_sf.o) (__unpack_f)
c:/winavr-20100110/bin/../lib/gcc/avr/4.3.3/avr5\libgcc.a(_fpcmp_parts_sf.o)
                              c:/winavr-20100110/bin/../lib/gcc/avr/4.3.3/avr5\libgcc.a(_gt_sf.o) (__fpcmp_parts_f)
c:/winavr-20100110/bin/../lib/gcc/avr/4.3.3/avr5\libgcc.a(_clz.o)
                              c:/winavr-20100110/bin/../lib/gcc/avr/4.3.3/avr5\libgcc.a(_clzsi2.o) (__clz_tab)
c:/winavr-20100110/bin/../lib/gcc/avr/4.3.3/../../../../avr/lib/avr5\libc.a(dtostrf.o)
                              ./Source/02-ECUA/LCD/Src/Lcd.o (dtostrf)
c:/winavr-20100110/bin/../lib/gcc/avr/4.3.3/../../../../avr/lib/avr5\libc.a(sprintf.o)
                              ./Source/02-ECUA/LCD/Src/Lcd.o (sprintf)
c:/winavr-20100110/bin/../lib/gcc/avr/4.3.3/../../../../avr/lib/avr5\libc.a(vfprintf_std.o)
                              c:/winavr-20100110/bin/../lib/gcc/avr/4.3.3/../../../../avr/lib/avr5\libc.a(sprintf.o) (vfprintf)
c:/winavr-20100110/bin/../lib/gcc/avr/4.3.3/../../../../avr/lib/avr5\libc.a(dtoa_prf.o)
                              c:/winavr-20100110/bin/../lib/gcc/avr/4.3.3/../../../../avr/lib/avr5\libc.a(dtostrf.o) (dtoa_prf)
c:/winavr-20100110/bin/../lib/gcc/avr/4.3.3/../../../../avr/lib/avr5\libc.a(ftoa_engine.o)
                              c:/winavr-20100110/bin/../lib/gcc/avr/4.3.3/../../../../avr/lib/avr5\libc.a(dtoa_prf.o) (__ftoa_engine)
c:/winavr-20100110/bin/../lib/gcc/avr/4.3.3/../../../../avr/lib/avr5\libc.a(strnlen_P.o)
                              c:/winavr-20100110/bin/../lib/gcc/avr/4.3.3/../../../../avr/lib/avr5\libc.a(vfprintf_std.o) (strnlen_P)
c:/winavr-20100110/bin/../lib/gcc/avr/4.3.3/../../../../avr/lib/avr5\libc.a(strnlen.o)
                              c:/winavr-20100110/bin/../lib/gcc/avr/4.3.3/../../../../avr/lib/avr5\libc.a(vfprintf_std.o) (strnlen)
c:/winavr-20100110/bin/../lib/gcc/avr/4.3.3/../../../../avr/lib/avr5\libc.a(fputc.o)
                              c:/winavr-20100110/bin/../lib/gcc/avr/4.3.3/../../../../avr/lib/avr5\libc.a(vfprintf_std.o) (fputc)
c:/winavr-20100110/bin/../lib/gcc/avr/4.3.3/../../../../avr/lib/avr5\libc.a(ultoa_invert.o)
                              c:/winavr-20100110/bin/../lib/gcc/avr/4.3.3/../../../../avr/lib/avr5\libc.a(vfprintf_std.o) (__ultoa_invert)

Memory Configuration

Name             Origin             Length             Attributes
text             0x00000000         0x00020000         xr
data             0x00800060         0x0000ffa0         rw !x
eeprom           0x00810000         0x00010000         rw !x
fuse             0x00820000         0x00000400         rw !x
lock             0x00830000         0x00000400         rw !x
signature        0x00840000         0x00000400         rw !x
*default*        0x00000000         0xffffffff

Linker script and memory map

LOAD c:/winavr-20100110/bin/../lib/gcc/avr/4.3.3/../../../../avr/lib/avr5/crtm32.o
LOAD ./Source/04-APP/main.o
LOAD ./Source/02-ECUA/Servo_Motor/Src/Servo_Motor.o
LOAD ./Source/02-ECUA/Relay/Src/Relay.o
LOAD ./Source/02-ECUA/Led/Src/Led.o
LOAD ./Source/02-ECUA/LM35/Src/Lm35.o
LOAD ./Source/02-ECUA/LCD/Src/Lcd.o
LOAD ./Source/02-ECUA/KeyPad/Src/KeyPad.o
LOAD ./Source/02-ECUA/Hc05/Src/Hc05.o
LOAD ./Source/02-ECUA/Dc_Motor/Src/Dc_Motor.o
LOAD ./Source/02-ECUA/Buzzer/Src/Buzzer.o
LOAD ./Source/02-ECUA/Button/Src/Button.o
LOAD ./Source/01-MCAL/UART/Src/Uart.o
LOAD ./Source/01-MCAL/Timer0/Src/Timer0.o
LOAD ./Source/01-MCAL/TIMER1/Src/TIMER1.o
LOAD ./Source/01-MCAL/SPI/Src/Spi.o
LOAD ./Source/01-MCAL/I2C/Src/I2c.o
LOAD ./Source/01-MCAL/GINT/Src/GINT.o
LOAD ./Source/01-MCAL/EXTINT/Src/ExtInt.o
LOAD ./Source/01-MCAL/EEPROM/Src/Eeprom.o
LOAD ./Source/01-MCAL/Dio/Src/Dio.o
LOAD ./Source/01-MCAL/ADC/Src/Adc.o
LOAD c:/winavr-20100110/bin/../lib/gcc/avr/4.3.3/avr5\libgcc.a
LOAD c:/winavr-20100110/bin/../lib/gcc/avr/4.3.3/../../../../avr/lib/avr5\libc.a
LOAD c:/winavr-20100110/bin/../lib/gcc/avr/4.3.3/avr5\libgcc.a

.hash
 *(.hash)

.dynsym
 *(.dynsym)

.dynstr
 *(.dynstr)

.gnu.version
 *(.gnu.version)

.gnu.version_d
 *(.gnu.version_d)

.gnu.version_r
 *(.gnu.version_r)

.rel.init
 *(.rel.init)

.rela.init
 *(.rela.init)

.rel.text
 *(.rel.text)
 *(.rel.text.*)
 *(.rel.gnu.linkonce.t*)

.rela.text
 *(.rela.text)
 *(.rela.text.*)
 *(.rela.gnu.linkonce.t*)

.rel.fini
 *(.rel.fini)

.rela.fini
 *(.rela.fini)

.rel.rodata
 *(.rel.rodata)
 *(.rel.rodata.*)
 *(.rel.gnu.linkonce.r*)

.rela.rodata
 *(.rela.rodata)
 *(.rela.rodata.*)
 *(.rela.gnu.linkonce.r*)

.rel.data
 *(.rel.data)
 *(.rel.data.*)
 *(.rel.gnu.linkonce.d*)

.rela.data
 *(.rela.data)
 *(.rela.data.*)
 *(.rela.gnu.linkonce.d*)

.rel.ctors
 *(.rel.ctors)

.rela.ctors
 *(.rela.ctors)

.rel.dtors
 *(.rel.dtors)

.rela.dtors
 *(.rela.dtors)

.rel.got
 *(.rel.got)

.rela.got
 *(.rela.got)

.rel.bss
 *(.rel.bss)

.rela.bss
 *(.rela.bss)

.rel.plt
 *(.rel.plt)

.rela.plt
 *(.rela.plt)

.text           0x00000000     0x796e
 *(.vectors)
 .vectors       0x00000000       0x54 c:/winavr-20100110/bin/../lib/gcc/avr/4.3.3/../../../../avr/lib/avr5/crtm32.o
                0x00000000                __vectors
                0x00000000                __vector_default
 *(.vectors)
 *(.progmem.gcc*)
 *(.progmem*)
 .progmem.data  0x00000054       0xfa c:/winavr-20100110/bin/../lib/gcc/avr/4.3.3/../../../../avr/lib/avr5\libc.a(ftoa_engine.o)
                0x0000014e                . = ALIGN (0x2)
                0x0000014e                __trampolines_start = .
 *(.trampolines)
 .trampolines   0x0000014e        0x0 linker stubs
 *(.trampolines*)
                0x0000014e                __trampolines_end = .
 *(.jumptables)
 *(.jumptables*)
 *(.lowtext)
 *(.lowtext*)
                0x0000014e                __ctors_start = .
 *(.ctors)
                0x0000014e                __ctors_end = .
                0x0000014e                __dtors_start = .
 *(.dtors)
                0x0000014e                __dtors_end = .
 SORT(*)(.ctors)
 SORT(*)(.dtors)
 *(.init0)
 .init0         0x0000014e        0x0 c:/winavr-20100110/bin/../lib/gcc/avr/4.3.3/../../../../avr/lib/avr5/crtm32.o
                0x0000014e                __init
 *(.init0)
 *(.init1)
 *(.init1)
 *(.init2)
 .init2         0x0000014e        0xc c:/winavr-20100110/bin/../lib/gcc/avr/4.3.3/../../../../avr/lib/avr5/crtm32.o
 *(.init2)
 *(.init3)
 *(.init3)
 *(.init4)
 .init4         0x0000015a       0x16 c:/winavr-20100110/bin/../lib/gcc/avr/4.3.3/avr5\libgcc.a(_copy_data.o)
                0x0000015a                __do_copy_data
 .init4         0x00000170       0x10 c:/winavr-20100110/bin/../lib/gcc/avr/4.3.3/avr5\libgcc.a(_clear_bss.o)
                0x00000170                __do_clear_bss
 *(.init4)
 *(.init5)
 *(.init5)
 *(.init6)
 *(.init6)
 *(.init7)
 *(.init7)
 *(.init8)
 *(.init8)
 *(.init9)
 .init9         0x00000180        0x8 c:/winavr-20100110/bin/../lib/gcc/avr/4.3.3/../../../../avr/lib/avr5/crtm32.o
 *(.init9)
 *(.text)
 .text          0x00000188        0x4 c:/winavr-20100110/bin/../lib/gcc/avr/4.3.3/../../../../avr/lib/avr5/crtm32.o
                0x00000188                __vector_1
                0x00000188                __vector_12
                0x00000188                __bad_interrupt
                0x00000188                __vector_6
                0x00000188                __vector_3
                0x00000188                __vector_11
                0x00000188                __vector_13
                0x00000188                __vector_17
                0x00000188                __vector_19
                0x00000188                __vector_7
                0x00000188                __vector_5
                0x00000188                __vector_4
                0x00000188                __vector_9
                0x00000188                __vector_2
                0x00000188                __vector_15
                0x00000188                __vector_8
                0x00000188                __vector_14
                0x00000188                __vector_10
                0x00000188                __vector_16
                0x00000188                __vector_18
                0x00000188                __vector_20
 .text          0x0000018c        0x0 ./Source/04-APP/main.o
 .text          0x0000018c        0x0 ./Source/02-ECUA/Servo_Motor/Src/Servo_Motor.o
 .text          0x0000018c        0x0 ./Source/02-ECUA/Relay/Src/Relay.o
 .text          0x0000018c        0x0 ./Source/02-ECUA/Led/Src/Led.o
 .text          0x0000018c        0x0 ./Source/02-ECUA/LM35/Src/Lm35.o
 .text          0x0000018c        0x0 ./Source/02-ECUA/LCD/Src/Lcd.o
 .text          0x0000018c        0x0 ./Source/02-ECUA/KeyPad/Src/KeyPad.o
 .text          0x0000018c        0x0 ./Source/02-ECUA/Hc05/Src/Hc05.o
 .text          0x0000018c        0x0 ./Source/02-ECUA/Dc_Motor/Src/Dc_Motor.o
 .text          0x0000018c        0x0 ./Source/02-ECUA/Buzzer/Src/Buzzer.o
 .text          0x0000018c        0x0 ./Source/02-ECUA/Button/Src/Button.o
 .text          0x0000018c        0x0 ./Source/01-MCAL/UART/Src/Uart.o
 .text          0x0000018c        0x0 ./Source/01-MCAL/Timer0/Src/Timer0.o
 .text          0x0000018c        0x0 ./Source/01-MCAL/TIMER1/Src/TIMER1.o
 .text          0x0000018c        0x0 ./Source/01-MCAL/SPI/Src/Spi.o
 .text          0x0000018c        0x0 ./Source/01-MCAL/I2C/Src/I2c.o
 .text          0x0000018c        0x0 ./Source/01-MCAL/GINT/Src/GINT.o
 .text          0x0000018c        0x0 ./Source/01-MCAL/EXTINT/Src/ExtInt.o
 .text          0x0000018c        0x0 ./Source/01-MCAL/EEPROM/Src/Eeprom.o
 .text          0x0000018c        0x0 ./Source/01-MCAL/Dio/Src/Dio.o
 .text          0x0000018c        0x0 ./Source/01-MCAL/ADC/Src/Adc.o
 .text          0x0000018c        0x0 c:/winavr-20100110/bin/../lib/gcc/avr/4.3.3/avr5\libgcc.a(_udivmodqi4.o)
 .text          0x0000018c        0x0 c:/winavr-20100110/bin/../lib/gcc/avr/4.3.3/avr5\libgcc.a(_udivmodsi4.o)
 .text          0x0000018c        0x0 c:/winavr-20100110/bin/../lib/gcc/avr/4.3.3/avr5\libgcc.a(_exit.o)
 .text          0x0000018c        0x0 c:/winavr-20100110/bin/../lib/gcc/avr/4.3.3/avr5\libgcc.a(_copy_data.o)
 .text          0x0000018c        0x0 c:/winavr-20100110/bin/../lib/gcc/avr/4.3.3/avr5\libgcc.a(_clear_bss.o)
 .text          0x0000018c       0x58 c:/winavr-20100110/bin/../lib/gcc/avr/4.3.3/avr5\libgcc.a(_fixunssfsi.o)
                0x0000018c                __fixunssfsi
 .text          0x000001e4      0x354 c:/winavr-20100110/bin/../lib/gcc/avr/4.3.3/avr5\libgcc.a(_addsub_sf.o)
                0x0000047c                __subsf3
                0x000004de                __addsf3
 .text          0x00000538      0x1f4 c:/winavr-20100110/bin/../lib/gcc/avr/4.3.3/avr5\libgcc.a(_mul_sf.o)
                0x00000538                __mulsf3
 .text          0x0000072c      0x158 c:/winavr-20100110/bin/../lib/gcc/avr/4.3.3/avr5\libgcc.a(_div_sf.o)
                0x0000072c                __divsf3
 .text          0x00000884       0x60 c:/winavr-20100110/bin/../lib/gcc/avr/4.3.3/avr5\libgcc.a(_gt_sf.o)
                0x00000884                __gtsf2
 .text          0x000008e4       0x60 c:/winavr-20100110/bin/../lib/gcc/avr/4.3.3/avr5\libgcc.a(_ge_sf.o)
                0x000008e4                __gesf2
 .text          0x00000944       0x60 c:/winavr-20100110/bin/../lib/gcc/avr/4.3.3/avr5\libgcc.a(_lt_sf.o)
                0x00000944                __ltsf2
 .text          0x000009a4       0xa8 c:/winavr-20100110/bin/../lib/gcc/avr/4.3.3/avr5\libgcc.a(_sf_to_si.o)
                0x000009a4                __fixsfsi
 .text          0x00000a4c        0x0 c:/winavr-20100110/bin/../lib/gcc/avr/4.3.3/avr5\libgcc.a(_thenan_sf.o)
 .text          0x00000a4c       0xf2 c:/winavr-20100110/bin/../lib/gcc/avr/4.3.3/avr5\libgcc.a(_usi_to_sf.o)
                0x00000a4c                __floatunsisf
 .text          0x00000b3e        0x0 c:/winavr-20100110/bin/../lib/gcc/avr/4.3.3/avr5\libgcc.a(_prologue.o)
 .text          0x00000b3e        0x0 c:/winavr-20100110/bin/../lib/gcc/avr/4.3.3/avr5\libgcc.a(_epilogue.o)
 .text          0x00000b3e       0x9e c:/winavr-20100110/bin/../lib/gcc/avr/4.3.3/avr5\libgcc.a(_clzsi2.o)
                0x00000b3e                __clzsi2
 .text          0x00000bdc      0x1aa c:/winavr-20100110/bin/../lib/gcc/avr/4.3.3/avr5\libgcc.a(_pack_sf.o)
                0x00000bdc                __pack_f
 .text          0x00000d86       0xf0 c:/winavr-20100110/bin/../lib/gcc/avr/4.3.3/avr5\libgcc.a(_unpack_sf.o)
                0x00000d86                __unpack_f
 .text          0x00000e76       0xb2 c:/winavr-20100110/bin/../lib/gcc/avr/4.3.3/avr5\libgcc.a(_fpcmp_parts_sf.o)
                0x00000e76                __fpcmp_parts_f
 .text          0x00000f28        0x0 c:/winavr-20100110/bin/../lib/gcc/avr/4.3.3/avr5\libgcc.a(_clz.o)
 .text          0x00000f28        0x0 c:/winavr-20100110/bin/../lib/gcc/avr/4.3.3/../../../../avr/lib/avr5\libc.a(dtostrf.o)
 .text          0x00000f28        0x0 c:/winavr-20100110/bin/../lib/gcc/avr/4.3.3/../../../../avr/lib/avr5\libc.a(sprintf.o)
 .text          0x00000f28        0x0 c:/winavr-20100110/bin/../lib/gcc/avr/4.3.3/../../../../avr/lib/avr5\libc.a(vfprintf_std.o)
 .text          0x00000f28        0x0 c:/winavr-20100110/bin/../lib/gcc/avr/4.3.3/../../../../avr/lib/avr5\libc.a(dtoa_prf.o)
 .text          0x00000f28        0x0 c:/winavr-20100110/bin/../lib/gcc/avr/4.3.3/../../../../avr/lib/avr5\libc.a(ftoa_engine.o)
 .text          0x00000f28        0x0 c:/winavr-20100110/bin/../lib/gcc/avr/4.3.3/../../../../avr/lib/avr5\libc.a(strnlen_P.o)
 .text          0x00000f28        0x0 c:/winavr-20100110/bin/../lib/gcc/avr/4.3.3/../../../../avr/lib/avr5\libc.a(strnlen.o)
 .text          0x00000f28        0x0 c:/winavr-20100110/bin/../lib/gcc/avr/4.3.3/../../../../avr/lib/avr5\libc.a(fputc.o)
 .text          0x00000f28        0x0 c:/winavr-20100110/bin/../lib/gcc/avr/4.3.3/../../../../avr/lib/avr5\libc.a(ultoa_invert.o)
                0x00000f28                . = ALIGN (0x2)
 *(.text.*)
 .text.main     0x00000f28      0xe28 ./Source/04-APP/main.o
                0x00000f28                main
 .text.AddUser  0x00001d50      0x98c ./Source/04-APP/main.o
                0x00001d50                AddUser
 .text.DeleteUser
                0x000026dc      0x328 ./Source/04-APP/main.o
                0x000026dc                DeleteUser
 .text.AdminLogin
                0x00002a04      0x8a0 ./Source/04-APP/main.o
                0x00002a04                AdminLogin
 .text.UserLogin
                0x000032a4      0x354 ./Source/04-APP/main.o
                0x000032a4                UserLogin
 .text.InputID  0x000035f8      0x2cc ./Source/04-APP/main.o
                0x000035f8                InputID
 .text.InputPassword
                0x000038c4      0x2ac ./Source/04-APP/main.o
                0x000038c4                InputPassword
 .text.RelaySwitch
                0x00003b70       0x80 ./Source/04-APP/main.o
                0x00003b70                RelaySwitch
 .text.ACSwitch
                0x00003bf0       0x74 ./Source/04-APP/main.o
                0x00003bf0                ACSwitch
 .text.CheckEEPROM
                0x00003c64       0x5a ./Source/04-APP/main.o
                0x00003c64                CheckEEPROM
 .text.DeleteAll
                0x00003cbe       0x4e ./Source/04-APP/main.o
                0x00003cbe                DeleteAll
 .text.AppInit  0x00003d0c       0x5e ./Source/04-APP/main.o
                0x00003d0c                AppInit
 .text.WelcomingMsg
                0x00003d6a      0x136 ./Source/04-APP/main.o
                0x00003d6a                WelcomingMsg
 .text.CheckAC  0x00003ea0       0x8a ./Source/04-APP/main.o
                0x00003ea0                CheckAC
 .text.CheckRelay
                0x00003f2a       0x4a ./Source/04-APP/main.o
                0x00003f2a                CheckRelay
 .text.Reset    0x00003f74       0x72 ./Source/04-APP/main.o
                0x00003f74                Reset
 .text.ServoMotor_VidInit
                0x00003fe6       0x98 ./Source/02-ECUA/Servo_Motor/Src/Servo_Motor.o
                0x00003fe6                ServoMotor_VidInit
 .text.ServoMotor_VidOpenDoor
                0x0000407e      0x138 ./Source/02-ECUA/Servo_Motor/Src/Servo_Motor.o
                0x0000407e                ServoMotor_VidOpenDoor
 .text.ServoMotor_VidCloseDoor
                0x000041b6      0x138 ./Source/02-ECUA/Servo_Motor/Src/Servo_Motor.o
                0x000041b6                ServoMotor_VidCloseDoor
 .text.ServoMotor_VidSwitchDoor
                0x000042ee      0x252 ./Source/02-ECUA/Servo_Motor/Src/Servo_Motor.o
                0x000042ee                ServoMotor_VidSwitchDoor
 .text.ServoMotor_VidCheckDoor
                0x00004540       0x4c ./Source/02-ECUA/Servo_Motor/Src/Servo_Motor.o
                0x00004540                ServoMotor_VidCheckDoor
 .text.Relay_Init
                0x0000458c       0x18 ./Source/02-ECUA/Relay/Src/Relay.o
                0x0000458c                Relay_Init
 .text.Relay_On
                0x000045a4       0x18 ./Source/02-ECUA/Relay/Src/Relay.o
                0x000045a4                Relay_On
 .text.Relay_Off
                0x000045bc       0x18 ./Source/02-ECUA/Relay/Src/Relay.o
                0x000045bc                Relay_Off
 .text.Led_vidinit
                0x000045d4       0x2c ./Source/02-ECUA/Led/Src/Led.o
                0x000045d4                Led_vidinit
 .text.Led_vidledOn
                0x00004600       0x62 ./Source/02-ECUA/Led/Src/Led.o
                0x00004600                Led_vidledOn
 .text.Led_vidledOff
                0x00004662       0x62 ./Source/02-ECUA/Led/Src/Led.o
                0x00004662                Led_vidledOff
 .text.Led_vidledToggle
                0x000046c4       0x5c ./Source/02-ECUA/Led/Src/Led.o
                0x000046c4                Led_vidledToggle
 .text.Lm35_vidInit
                0x00004720       0x12 ./Source/02-ECUA/LM35/Src/Lm35.o
                0x00004720                Lm35_vidInit
 .text.Lm35_u8TempRead
                0x00004732       0x72 ./Source/02-ECUA/LM35/Src/Lm35.o
                0x00004732                Lm35_u8TempRead
 .text.Lcd_vidinit
                0x000047a4      0x340 ./Source/02-ECUA/LCD/Src/Lcd.o
                0x000047a4                Lcd_vidinit
 .text.Lcd_videnablePulse
                0x00004ae4      0x29a ./Source/02-ECUA/LCD/Src/Lcd.o
 .text.Lcd_vidDisplayChar
                0x00004d7e       0x4e ./Source/02-ECUA/LCD/Src/Lcd.o
                0x00004d7e                Lcd_vidDisplayChar
 .text.Lcd_vidCmd
                0x00004dcc       0x4e ./Source/02-ECUA/LCD/Src/Lcd.o
                0x00004dcc                Lcd_vidCmd
 .text.Lcd_vidRowColumn
                0x00004e1a       0x4e ./Source/02-ECUA/LCD/Src/Lcd.o
                0x00004e1a                Lcd_vidRowColumn
 .text.Lcd_vidDisplayStr
                0x00004e68       0x38 ./Source/02-ECUA/LCD/Src/Lcd.o
                0x00004e68                Lcd_vidDisplayStr
 .text.Lcd_vidDisplayInt
                0x00004ea0       0x80 ./Source/02-ECUA/LCD/Src/Lcd.o
                0x00004ea0                Lcd_vidDisplayInt
 .text.Lcd_vidDisplayFloat
                0x00004f20       0x5c ./Source/02-ECUA/LCD/Src/Lcd.o
                0x00004f20                Lcd_vidDisplayFloat
 .text.Keypad_vidinit
                0x00004f7c       0x9e ./Source/02-ECUA/KeyPad/Src/KeyPad.o
                0x00004f7c                Keypad_vidinit
 .text.Keypad_getChar
                0x0000501a      0x1e0 ./Source/02-ECUA/KeyPad/Src/KeyPad.o
                0x0000501a                Keypad_getChar
 .text.Hc05_Init
                0x000051fa       0x1a ./Source/02-ECUA/Hc05/Src/Hc05.o
                0x000051fa                Hc05_Init
 .text.Hc05_Send
                0x00005214       0x1a ./Source/02-ECUA/Hc05/Src/Hc05.o
                0x00005214                Hc05_Send
 .text.Hc05_SendString
                0x0000522e      0x14c ./Source/02-ECUA/Hc05/Src/Hc05.o
                0x0000522e                Hc05_SendString
 .text.Hc05_Rec
                0x0000537a       0x1c ./Source/02-ECUA/Hc05/Src/Hc05.o
                0x0000537a                Hc05_Rec
 .text.Dc_Motor_vidInit
                0x00005396       0x2c ./Source/02-ECUA/Dc_Motor/Src/Dc_Motor.o
                0x00005396                Dc_Motor_vidInit
 .text.Dc_Motor_vidStart
                0x000053c2       0x4e ./Source/02-ECUA/Dc_Motor/Src/Dc_Motor.o
                0x000053c2                Dc_Motor_vidStart
 .text.Dc_Motor_vidStop
                0x00005410      0x114 ./Source/02-ECUA/Dc_Motor/Src/Dc_Motor.o
                0x00005410                Dc_Motor_vidStop
 .text.Buzzer_vidinit
                0x00005524       0x18 ./Source/02-ECUA/Buzzer/Src/Buzzer.o
                0x00005524                Buzzer_vidinit
 .text.Buzzer_vidbuzzerOn
                0x0000553c       0x18 ./Source/02-ECUA/Buzzer/Src/Buzzer.o
                0x0000553c                Buzzer_vidbuzzerOn
 .text.Buzzer_vidbuzzerOff
                0x00005554       0x18 ./Source/02-ECUA/Buzzer/Src/Buzzer.o
                0x00005554                Buzzer_vidbuzzerOff
 .text.Button_vidbuttonInit
                0x0000556c       0x2c ./Source/02-ECUA/Button/Src/Button.o
                0x0000556c                Button_vidbuttonInit
 .text.Button_udtbuttonStatus
                0x00005598       0x86 ./Source/02-ECUA/Button/Src/Button.o
                0x00005598                Button_udtbuttonStatus
 .text.USART_Init
                0x0000561e       0xaa ./Source/01-MCAL/UART/Src/Uart.o
                0x0000561e                USART_Init
 .text.USART_TransmitChr
                0x000056c8       0x34 ./Source/01-MCAL/UART/Src/Uart.o
                0x000056c8                USART_TransmitChr
 .text.USART_Receive_Blocking
                0x000056fc       0x1e ./Source/01-MCAL/UART/Src/Uart.o
                0x000056fc                USART_Receive_Blocking
 .text.USART_Receive_NonBlocking
                0x0000571a       0x30 ./Source/01-MCAL/UART/Src/Uart.o
                0x0000571a                USART_Receive_NonBlocking
 .text.USART_TransmitStr
                0x0000574a       0x38 ./Source/01-MCAL/UART/Src/Uart.o
                0x0000574a                USART_TransmitStr
 .text.USART_Receive_InterruptEnable
                0x00005782       0x1c ./Source/01-MCAL/UART/Src/Uart.o
                0x00005782                USART_Receive_InterruptEnable
 .text.Timer0_vidInit
                0x0000579e        0xe ./Source/01-MCAL/Timer0/Src/Timer0.o
                0x0000579e                Timer0_vidInit
 .text.Timer0_vidSetPreload
                0x000057ac       0x14 ./Source/01-MCAL/Timer0/Src/Timer0.o
                0x000057ac                Timer0_vidSetPreload
 .text.Timer0_vidTimerStart
                0x000057c0       0x14 ./Source/01-MCAL/Timer0/Src/Timer0.o
                0x000057c0                Timer0_vidTimerStart
 .text.Timer0_vidTimerStop
                0x000057d4        0xe ./Source/01-MCAL/Timer0/Src/Timer0.o
                0x000057d4                Timer0_vidTimerStop
 .text.Timer0_vidEnableOVInterrupt
                0x000057e2        0xe ./Source/01-MCAL/Timer0/Src/Timer0.o
                0x000057e2                Timer0_vidEnableOVInterrupt
 .text.Timer0_vidDisableOVInterrupt
                0x000057f0        0xe ./Source/01-MCAL/Timer0/Src/Timer0.o
                0x000057f0                Timer0_vidDisableOVInterrupt
 .text.Spi_vidMasterInit
                0x000057fe       0x6a ./Source/01-MCAL/SPI/Src/Spi.o
                0x000057fe                Spi_vidMasterInit
 .text.Spi_vidSlaveInit
                0x00005868       0x52 ./Source/01-MCAL/SPI/Src/Spi.o
                0x00005868                Spi_vidSlaveInit
 .text.Spi_MasterWrite
                0x000058ba       0x30 ./Source/01-MCAL/SPI/Src/Spi.o
                0x000058ba                Spi_MasterWrite
 .text.Spi_u8MasterRead
                0x000058ea       0x2e ./Source/01-MCAL/SPI/Src/Spi.o
                0x000058ea                Spi_u8MasterRead
 .text.Spi_u8MasterTranseve
                0x00005918       0x2c ./Source/01-MCAL/SPI/Src/Spi.o
                0x00005918                Spi_u8MasterTranseve
 .text.Spi_u8SlaveRead
                0x00005944       0x1e ./Source/01-MCAL/SPI/Src/Spi.o
                0x00005944                Spi_u8SlaveRead
 .text.Spi_vidSlaveWrite
                0x00005962       0x1c ./Source/01-MCAL/SPI/Src/Spi.o
                0x00005962                Spi_vidSlaveWrite
 .text.I2C_MasterInit
                0x0000597e       0x24 ./Source/01-MCAL/I2C/Src/I2c.o
                0x0000597e                I2C_MasterInit
 .text.I2C_SlaveInit
                0x000059a2       0x4a ./Source/01-MCAL/I2C/Src/I2c.o
                0x000059a2                I2C_SlaveInit
 .text.I2C_StartCondition
                0x000059ec       0x36 ./Source/01-MCAL/I2C/Src/I2c.o
                0x000059ec                I2C_StartCondition
 .text.I2C_RepeatedStartCondition
                0x00005a22       0x3c ./Source/01-MCAL/I2C/Src/I2c.o
                0x00005a22                I2C_RepeatedStartCondition
 .text.I2C_StopCondition
                0x00005a5e       0x26 ./Source/01-MCAL/I2C/Src/I2c.o
                0x00005a5e                I2C_StopCondition
 .text.I2C_WriteByte
                0x00005a84       0x34 ./Source/01-MCAL/I2C/Src/I2c.o
                0x00005a84                I2C_WriteByte
 .text.I2C_Send_SlaveAddressWriteOperation
                0x00005ab8       0x3a ./Source/01-MCAL/I2C/Src/I2c.o
                0x00005ab8                I2C_Send_SlaveAddressWriteOperation
 .text.I2C_Send_SlaveAddressReadOperation
                0x00005af2       0x42 ./Source/01-MCAL/I2C/Src/I2c.o
                0x00005af2                I2C_Send_SlaveAddressReadOperation
 .text.I2C_ReadByte
                0x00005b34       0x2c ./Source/01-MCAL/I2C/Src/I2c.o
                0x00005b34                I2C_ReadByte
 .text.I2C_ReadStatus
                0x00005b60       0x1e ./Source/01-MCAL/I2C/Src/I2c.o
                0x00005b60                I2C_ReadStatus
 .text.GINT_vidEnableAllInterrupts
                0x00005b7e       0x1c ./Source/01-MCAL/GINT/Src/GINT.o
                0x00005b7e                GINT_vidEnableAllInterrupts
 .text.GINT_vidDisableAllInterrupts
                0x00005b9a       0x1c ./Source/01-MCAL/GINT/Src/GINT.o
                0x00005b9a                GINT_vidDisableAllInterrupts
 .text.ExtInt_vidConfigExtInt
                0x00005bb6      0x1be ./Source/01-MCAL/EXTINT/Src/ExtInt.o
                0x00005bb6                ExtInt_vidConfigExtInt
 .text.ExtInt_vidDisableExtInt
                0x00005d74       0x6e ./Source/01-MCAL/EXTINT/Src/ExtInt.o
                0x00005d74                ExtInt_vidDisableExtInt
 .text.EEPROM_Write
                0x00005de2       0x6a ./Source/01-MCAL/EEPROM/Src/Eeprom.o
                0x00005de2                EEPROM_Write
 .text.EEPROM_Read
                0x00005e4c       0x54 ./Source/01-MCAL/EEPROM/Src/Eeprom.o
                0x00005e4c                EEPROM_Read
 .text.Dio_vidconfigChanel
                0x00005ea0      0x1c6 ./Source/01-MCAL/Dio/Src/Dio.o
                0x00005ea0                Dio_vidconfigChanel
 .text.Dio_vidwriteChanel
                0x00006066      0x1c6 ./Source/01-MCAL/Dio/Src/Dio.o
                0x00006066                Dio_vidwriteChanel
 .text.Dio_vidwritechanelgroup
                0x0000622c       0xb8 ./Source/01-MCAL/Dio/Src/Dio.o
                0x0000622c                Dio_vidwritechanelgroup
 .text.Dio_udtreadChanel
                0x000062e4      0x126 ./Source/01-MCAL/Dio/Src/Dio.o
                0x000062e4                Dio_udtreadChanel
 .text.Dio_vidflipChanel
                0x0000640a       0xfa ./Source/01-MCAL/Dio/Src/Dio.o
                0x0000640a                Dio_vidflipChanel
 .text.Dio_vidPullUpEn
                0x00006504       0xfa ./Source/01-MCAL/Dio/Src/Dio.o
                0x00006504                Dio_vidPullUpEn
 .text.Dio_GetPinValue
                0x000065fe      0x10e ./Source/01-MCAL/Dio/Src/Dio.o
                0x000065fe                Dio_GetPinValue
 .text.Dio_vidSetPinDirection
                0x0000670c      0x22c ./Source/01-MCAL/Dio/Src/Dio.o
                0x0000670c                Dio_vidSetPinDirection
 .text.Dio_vidSetPinValue
                0x00006938      0x22c ./Source/01-MCAL/Dio/Src/Dio.o
                0x00006938                Dio_vidSetPinValue
 .text.Dio_vidSetPinPullUpRes
                0x00006b64      0x22c ./Source/01-MCAL/Dio/Src/Dio.o
                0x00006b64                Dio_vidSetPinPullUpRes
 .text.Adc_vidInit
                0x00006d90       0x38 ./Source/01-MCAL/ADC/Src/Adc.o
                0x00006d90                Adc_vidInit
 .text.Adc_u16AdcRead
                0x00006dc8       0xe0 ./Source/01-MCAL/ADC/Src/Adc.o
                0x00006dc8                Adc_u16AdcRead
 .text.libgcc   0x00006ea8       0x18 c:/winavr-20100110/bin/../lib/gcc/avr/4.3.3/avr5\libgcc.a(_udivmodqi4.o)
                0x00006ea8                __udivmodqi4
 .text.libgcc   0x00006ec0       0x44 c:/winavr-20100110/bin/../lib/gcc/avr/4.3.3/avr5\libgcc.a(_udivmodsi4.o)
                0x00006ec0                __udivmodsi4
 .text.libgcc   0x00006f04        0x0 c:/winavr-20100110/bin/../lib/gcc/avr/4.3.3/avr5\libgcc.a(_exit.o)
 .text.libgcc   0x00006f04        0x0 c:/winavr-20100110/bin/../lib/gcc/avr/4.3.3/avr5\libgcc.a(_copy_data.o)
 .text.libgcc   0x00006f04        0x0 c:/winavr-20100110/bin/../lib/gcc/avr/4.3.3/avr5\libgcc.a(_clear_bss.o)
 .text.libgcc   0x00006f04       0x38 c:/winavr-20100110/bin/../lib/gcc/avr/4.3.3/avr5\libgcc.a(_prologue.o)
                0x00006f04                __prologue_saves__
 .text.libgcc   0x00006f3c       0x36 c:/winavr-20100110/bin/../lib/gcc/avr/4.3.3/avr5\libgcc.a(_epilogue.o)
                0x00006f3c                __epilogue_restores__
 .text.avr-libc
                0x00006f72       0x42 c:/winavr-20100110/bin/../lib/gcc/avr/4.3.3/../../../../avr/lib/avr5\libc.a(dtostrf.o)
                0x00006f72                dtostrf
 .text.avr-libc
                0x00006fb4       0x48 c:/winavr-20100110/bin/../lib/gcc/avr/4.3.3/../../../../avr/lib/avr5\libc.a(sprintf.o)
                0x00006fb4                sprintf
 .text.avr-libc
                0x00006ffc      0x3ba c:/winavr-20100110/bin/../lib/gcc/avr/4.3.3/../../../../avr/lib/avr5\libc.a(vfprintf_std.o)
                0x00006ffc                vfprintf
 .text.avr-libc
                0x000073b6      0x2c4 c:/winavr-20100110/bin/../lib/gcc/avr/4.3.3/../../../../avr/lib/avr5\libc.a(dtoa_prf.o)
                0x000073b6                dtoa_prf
 .text.avr-libc
                0x0000767a      0x1b0 c:/winavr-20100110/bin/../lib/gcc/avr/4.3.3/../../../../avr/lib/avr5\libc.a(ftoa_engine.o)
                0x0000767a                __ftoa_engine
 .text.avr-libc
                0x0000782a       0x16 c:/winavr-20100110/bin/../lib/gcc/avr/4.3.3/../../../../avr/lib/avr5\libc.a(strnlen_P.o)
                0x0000782a                strnlen_P
 .text.avr-libc
                0x00007840       0x16 c:/winavr-20100110/bin/../lib/gcc/avr/4.3.3/../../../../avr/lib/avr5\libc.a(strnlen.o)
                0x00007840                strnlen
 .text.avr-libc
                0x00007856       0x58 c:/winavr-20100110/bin/../lib/gcc/avr/4.3.3/../../../../avr/lib/avr5\libc.a(fputc.o)
                0x00007856                fputc
 .text.avr-libc
                0x000078ae       0xbc c:/winavr-20100110/bin/../lib/gcc/avr/4.3.3/../../../../avr/lib/avr5\libc.a(ultoa_invert.o)
                0x000078ae                __ultoa_invert
                0x0000796a                . = ALIGN (0x2)
 *(.fini9)
 .fini9         0x0000796a        0x0 c:/winavr-20100110/bin/../lib/gcc/avr/4.3.3/avr5\libgcc.a(_exit.o)
                0x0000796a                exit
                0x0000796a                _exit
 *(.fini9)
 *(.fini8)
 *(.fini8)
 *(.fini7)
 *(.fini7)
 *(.fini6)
 *(.fini6)
 *(.fini5)
 *(.fini5)
 *(.fini4)
 *(.fini4)
 *(.fini3)
 *(.fini3)
 *(.fini2)
 *(.fini2)
 *(.fini1)
 *(.fini1)
 *(.fini0)
 .fini0         0x0000796a        0x4 c:/winavr-20100110/bin/../lib/gcc/avr/4.3.3/avr5\libgcc.a(_exit.o)
 *(.fini0)
                0x0000796e                _etext = .

.data           0x00800060      0x3e2 load address 0x0000796e
                0x00800060                PROVIDE (__data_start, .)
 *(.data)
 .data          0x00800060        0x0 c:/winavr-20100110/bin/../lib/gcc/avr/4.3.3/../../../../avr/lib/avr5/crtm32.o
 .data          0x00800060      0x2a6 ./Source/04-APP/main.o
 .data          0x00800306       0x1e ./Source/02-ECUA/Servo_Motor/Src/Servo_Motor.o
 .data          0x00800324        0x0 ./Source/02-ECUA/Relay/Src/Relay.o
 .data          0x00800324        0x0 ./Source/02-ECUA/Led/Src/Led.o
 .data          0x00800324        0x0 ./Source/02-ECUA/LM35/Src/Lm35.o
 .data          0x00800324        0x3 ./Source/02-ECUA/LCD/Src/Lcd.o
 .data          0x00800327        0x0 ./Source/02-ECUA/KeyPad/Src/KeyPad.o
 .data          0x00800327        0x0 ./Source/02-ECUA/Hc05/Src/Hc05.o
 .data          0x00800327        0x0 ./Source/02-ECUA/Dc_Motor/Src/Dc_Motor.o
 .data          0x00800327        0x0 ./Source/02-ECUA/Buzzer/Src/Buzzer.o
 .data          0x00800327        0x0 ./Source/02-ECUA/Button/Src/Button.o
 .data          0x00800327        0x0 ./Source/01-MCAL/UART/Src/Uart.o
 .data          0x00800327        0x0 ./Source/01-MCAL/Timer0/Src/Timer0.o
 .data          0x00800327        0x0 ./Source/01-MCAL/TIMER1/Src/TIMER1.o
 .data          0x00800327        0x0 ./Source/01-MCAL/SPI/Src/Spi.o
 .data          0x00800327        0x0 ./Source/01-MCAL/I2C/Src/I2c.o
 .data          0x00800327        0x0 ./Source/01-MCAL/GINT/Src/GINT.o
 .data          0x00800327        0x0 ./Source/01-MCAL/EXTINT/Src/ExtInt.o
 .data          0x00800327        0x0 ./Source/01-MCAL/EEPROM/Src/Eeprom.o
 .data          0x00800327        0x0 ./Source/01-MCAL/Dio/Src/Dio.o
 .data          0x00800327        0x0 ./Source/01-MCAL/ADC/Src/Adc.o
 .data          0x00800327        0x0 c:/winavr-20100110/bin/../lib/gcc/avr/4.3.3/avr5\libgcc.a(_udivmodqi4.o)
 .data          0x00800327        0x0 c:/winavr-20100110/bin/../lib/gcc/avr/4.3.3/avr5\libgcc.a(_udivmodsi4.o)
 .data          0x00800327        0x0 c:/winavr-20100110/bin/../lib/gcc/avr/4.3.3/avr5\libgcc.a(_exit.o)
 .data          0x00800327        0x0 c:/winavr-20100110/bin/../lib/gcc/avr/4.3.3/avr5\libgcc.a(_copy_data.o)
 .data          0x00800327        0x0 c:/winavr-20100110/bin/../lib/gcc/avr/4.3.3/avr5\libgcc.a(_clear_bss.o)
 .data          0x00800327        0x0 c:/winavr-20100110/bin/../lib/gcc/avr/4.3.3/avr5\libgcc.a(_fixunssfsi.o)
 .data          0x00800327        0x0 c:/winavr-20100110/bin/../lib/gcc/avr/4.3.3/avr5\libgcc.a(_addsub_sf.o)
 .data          0x00800327        0x0 c:/winavr-20100110/bin/../lib/gcc/avr/4.3.3/avr5\libgcc.a(_mul_sf.o)
 .data          0x00800327        0x0 c:/winavr-20100110/bin/../lib/gcc/avr/4.3.3/avr5\libgcc.a(_div_sf.o)
 .data          0x00800327        0x0 c:/winavr-20100110/bin/../lib/gcc/avr/4.3.3/avr5\libgcc.a(_gt_sf.o)
 .data          0x00800327        0x0 c:/winavr-20100110/bin/../lib/gcc/avr/4.3.3/avr5\libgcc.a(_ge_sf.o)
 .data          0x00800327        0x0 c:/winavr-20100110/bin/../lib/gcc/avr/4.3.3/avr5\libgcc.a(_lt_sf.o)
 .data          0x00800327        0x0 c:/winavr-20100110/bin/../lib/gcc/avr/4.3.3/avr5\libgcc.a(_sf_to_si.o)
 .data          0x00800327        0x8 c:/winavr-20100110/bin/../lib/gcc/avr/4.3.3/avr5\libgcc.a(_thenan_sf.o)
                0x00800327                __thenan_sf
 .data          0x0080032f        0x0 c:/winavr-20100110/bin/../lib/gcc/avr/4.3.3/avr5\libgcc.a(_usi_to_sf.o)
 .data          0x0080032f        0x0 c:/winavr-20100110/bin/../lib/gcc/avr/4.3.3/avr5\libgcc.a(_prologue.o)
 .data          0x0080032f        0x0 c:/winavr-20100110/bin/../lib/gcc/avr/4.3.3/avr5\libgcc.a(_epilogue.o)
 .data          0x0080032f        0x0 c:/winavr-20100110/bin/../lib/gcc/avr/4.3.3/avr5\libgcc.a(_clzsi2.o)
 .data          0x0080032f        0x0 c:/winavr-20100110/bin/../lib/gcc/avr/4.3.3/avr5\libgcc.a(_pack_sf.o)
 .data          0x0080032f        0x0 c:/winavr-20100110/bin/../lib/gcc/avr/4.3.3/avr5\libgcc.a(_unpack_sf.o)
 .data          0x0080032f        0x0 c:/winavr-20100110/bin/../lib/gcc/avr/4.3.3/avr5\libgcc.a(_fpcmp_parts_sf.o)
 .data          0x0080032f      0x100 c:/winavr-20100110/bin/../lib/gcc/avr/4.3.3/avr5\libgcc.a(_clz.o)
                0x0080032f                __clz_tab
 .data          0x0080042f        0x0 c:/winavr-20100110/bin/../lib/gcc/avr/4.3.3/../../../../avr/lib/avr5\libc.a(dtostrf.o)
 .data          0x0080042f        0x0 c:/winavr-20100110/bin/../lib/gcc/avr/4.3.3/../../../../avr/lib/avr5\libc.a(sprintf.o)
 .data          0x0080042f        0x0 c:/winavr-20100110/bin/../lib/gcc/avr/4.3.3/../../../../avr/lib/avr5\libc.a(vfprintf_std.o)
 .data          0x0080042f        0x0 c:/winavr-20100110/bin/../lib/gcc/avr/4.3.3/../../../../avr/lib/avr5\libc.a(dtoa_prf.o)
 .data          0x0080042f        0x0 c:/winavr-20100110/bin/../lib/gcc/avr/4.3.3/../../../../avr/lib/avr5\libc.a(ftoa_engine.o)
 .data          0x0080042f        0x0 c:/winavr-20100110/bin/../lib/gcc/avr/4.3.3/../../../../avr/lib/avr5\libc.a(strnlen_P.o)
 .data          0x0080042f        0x0 c:/winavr-20100110/bin/../lib/gcc/avr/4.3.3/../../../../avr/lib/avr5\libc.a(strnlen.o)
 .data          0x0080042f        0x0 c:/winavr-20100110/bin/../lib/gcc/avr/4.3.3/../../../../avr/lib/avr5\libc.a(fputc.o)
 .data          0x0080042f        0x0 c:/winavr-20100110/bin/../lib/gcc/avr/4.3.3/../../../../avr/lib/avr5\libc.a(ultoa_invert.o)
 *(.data*)
 *(.rodata)
 *(.rodata*)
 .rodata.C.1.1742
                0x0080042f        0x3 ./Source/04-APP/main.o
 .rodata.C.0.1334
                0x00800432       0x10 ./Source/02-ECUA/KeyPad/Src/KeyPad.o
 *(.gnu.linkonce.d*)
                0x00800442                . = ALIGN (0x2)
                0x00800442                _edata = .
                0x00800442                PROVIDE (__data_end, .)

.bss            0x00800442        0x1
                0x00800442                PROVIDE (__bss_start, .)
 *(.bss)
 .bss           0x00800442        0x0 c:/winavr-20100110/bin/../lib/gcc/avr/4.3.3/../../../../avr/lib/avr5/crtm32.o
 .bss           0x00800442        0x0 ./Source/04-APP/main.o
 .bss           0x00800442        0x0 ./Source/02-ECUA/Servo_Motor/Src/Servo_Motor.o
 .bss           0x00800442        0x0 ./Source/02-ECUA/Relay/Src/Relay.o
 .bss           0x00800442        0x0 ./Source/02-ECUA/Led/Src/Led.o
 .bss           0x00800442        0x0 ./Source/02-ECUA/LM35/Src/Lm35.o
 .bss           0x00800442        0x0 ./Source/02-ECUA/LCD/Src/Lcd.o
 .bss           0x00800442        0x0 ./Source/02-ECUA/KeyPad/Src/KeyPad.o
 .bss           0x00800442        0x0 ./Source/02-ECUA/Hc05/Src/Hc05.o
 .bss           0x00800442        0x0 ./Source/02-ECUA/Dc_Motor/Src/Dc_Motor.o
 .bss           0x00800442        0x0 ./Source/02-ECUA/Buzzer/Src/Buzzer.o
 .bss           0x00800442        0x0 ./Source/02-ECUA/Button/Src/Button.o
 .bss           0x00800442        0x0 ./Source/01-MCAL/UART/Src/Uart.o
 .bss           0x00800442        0x0 ./Source/01-MCAL/Timer0/Src/Timer0.o
 .bss           0x00800442        0x0 ./Source/01-MCAL/TIMER1/Src/TIMER1.o
 .bss           0x00800442        0x0 ./Source/01-MCAL/SPI/Src/Spi.o
 .bss           0x00800442        0x0 ./Source/01-MCAL/I2C/Src/I2c.o
 .bss           0x00800442        0x0 ./Source/01-MCAL/GINT/Src/GINT.o
 .bss           0x00800442        0x0 ./Source/01-MCAL/EXTINT/Src/ExtInt.o
 .bss           0x00800442        0x0 ./Source/01-MCAL/EEPROM/Src/Eeprom.o
 .bss           0x00800442        0x0 ./Source/01-MCAL/Dio/Src/Dio.o
 .bss           0x00800442        0x0 ./Source/01-MCAL/ADC/Src/Adc.o
 .bss           0x00800442        0x0 c:/winavr-20100110/bin/../lib/gcc/avr/4.3.3/avr5\libgcc.a(_udivmodqi4.o)
 .bss           0x00800442        0x0 c:/winavr-20100110/bin/../lib/gcc/avr/4.3.3/avr5\libgcc.a(_udivmodsi4.o)
 .bss           0x00800442        0x0 c:/winavr-20100110/bin/../lib/gcc/avr/4.3.3/avr5\libgcc.a(_exit.o)
 .bss           0x00800442        0x0 c:/winavr-20100110/bin/../lib/gcc/avr/4.3.3/avr5\libgcc.a(_copy_data.o)
 .bss           0x00800442        0x0 c:/winavr-20100110/bin/../lib/gcc/avr/4.3.3/avr5\libgcc.a(_clear_bss.o)
 .bss           0x00800442        0x0 c:/winavr-20100110/bin/../lib/gcc/avr/4.3.3/avr5\libgcc.a(_fixunssfsi.o)
 .bss           0x00800442        0x0 c:/winavr-20100110/bin/../lib/gcc/avr/4.3.3/avr5\libgcc.a(_addsub_sf.o)
 .bss           0x00800442        0x0 c:/winavr-20100110/bin/../lib/gcc/avr/4.3.3/avr5\libgcc.a(_mul_sf.o)
 .bss           0x00800442        0x0 c:/winavr-20100110/bin/../lib/gcc/avr/4.3.3/avr5\libgcc.a(_div_sf.o)
 .bss           0x00800442        0x0 c:/winavr-20100110/bin/../lib/gcc/avr/4.3.3/avr5\libgcc.a(_gt_sf.o)
 .bss           0x00800442        0x0 c:/winavr-20100110/bin/../lib/gcc/avr/4.3.3/avr5\libgcc.a(_ge_sf.o)
 .bss           0x00800442        0x0 c:/winavr-20100110/bin/../lib/gcc/avr/4.3.3/avr5\libgcc.a(_lt_sf.o)
 .bss           0x00800442        0x0 c:/winavr-20100110/bin/../lib/gcc/avr/4.3.3/avr5\libgcc.a(_sf_to_si.o)
 .bss           0x00800442        0x0 c:/winavr-20100110/bin/../lib/gcc/avr/4.3.3/avr5\libgcc.a(_thenan_sf.o)
 .bss           0x00800442        0x0 c:/winavr-20100110/bin/../lib/gcc/avr/4.3.3/avr5\libgcc.a(_usi_to_sf.o)
 .bss           0x00800442        0x0 c:/winavr-20100110/bin/../lib/gcc/avr/4.3.3/avr5\libgcc.a(_prologue.o)
 .bss           0x00800442        0x0 c:/winavr-20100110/bin/../lib/gcc/avr/4.3.3/avr5\libgcc.a(_epilogue.o)
 .bss           0x00800442        0x0 c:/winavr-20100110/bin/../lib/gcc/avr/4.3.3/avr5\libgcc.a(_clzsi2.o)
 .bss           0x00800442        0x0 c:/winavr-20100110/bin/../lib/gcc/avr/4.3.3/avr5\libgcc.a(_pack_sf.o)
 .bss           0x00800442        0x0 c:/winavr-20100110/bin/../lib/gcc/avr/4.3.3/avr5\libgcc.a(_unpack_sf.o)
 .bss           0x00800442        0x0 c:/winavr-20100110/bin/../lib/gcc/avr/4.3.3/avr5\libgcc.a(_fpcmp_parts_sf.o)
 .bss           0x00800442        0x0 c:/winavr-20100110/bin/../lib/gcc/avr/4.3.3/avr5\libgcc.a(_clz.o)
 .bss           0x00800442        0x0 c:/winavr-20100110/bin/../lib/gcc/avr/4.3.3/../../../../avr/lib/avr5\libc.a(dtostrf.o)
 .bss           0x00800442        0x0 c:/winavr-20100110/bin/../lib/gcc/avr/4.3.3/../../../../avr/lib/avr5\libc.a(sprintf.o)
 .bss           0x00800442        0x0 c:/winavr-20100110/bin/../lib/gcc/avr/4.3.3/../../../../avr/lib/avr5\libc.a(vfprintf_std.o)
 .bss           0x00800442        0x0 c:/winavr-20100110/bin/../lib/gcc/avr/4.3.3/../../../../avr/lib/avr5\libc.a(dtoa_prf.o)
 .bss           0x00800442        0x0 c:/winavr-20100110/bin/../lib/gcc/avr/4.3.3/../../../../avr/lib/avr5\libc.a(ftoa_engine.o)
 .bss           0x00800442        0x0 c:/winavr-20100110/bin/../lib/gcc/avr/4.3.3/../../../../avr/lib/avr5\libc.a(strnlen_P.o)
 .bss           0x00800442        0x0 c:/winavr-20100110/bin/../lib/gcc/avr/4.3.3/../../../../avr/lib/avr5\libc.a(strnlen.o)
 .bss           0x00800442        0x0 c:/winavr-20100110/bin/../lib/gcc/avr/4.3.3/../../../../avr/lib/avr5\libc.a(fputc.o)
 .bss           0x00800442        0x0 c:/winavr-20100110/bin/../lib/gcc/avr/4.3.3/../../../../avr/lib/avr5\libc.a(ultoa_invert.o)
 *(.bss*)
 .bss.AppState  0x00800442        0x1 ./Source/04-APP/main.o
                0x00800442                AppState
 *(COMMON)
                0x00800443                PROVIDE (__bss_end, .)
                0x0000796e                __data_load_start = LOADADDR (.data)
                0x00007d50                __data_load_end = (__data_load_start + SIZEOF (.data))

.noinit         0x00800443        0x0
                0x00800443                PROVIDE (__noinit_start, .)
 *(.noinit*)
                0x00800443                PROVIDE (__noinit_end, .)
                0x00800443                _end = .
                0x00800443                PROVIDE (__heap_start, .)

.eeprom         0x00810000        0x0
 *(.eeprom*)
                0x00810000                __eeprom_end = .

.fuse
 *(.fuse)
 *(.lfuse)
 *(.hfuse)
 *(.efuse)

.lock
 *(.lock*)

.signature
 *(.signature*)

.stab           0x00000000     0x798c
 *(.stab)
 .stab          0x00000000     0x3540 ./Source/04-APP/main.o
 .stab          0x00003540      0x714 ./Source/02-ECUA/Servo_Motor/Src/Servo_Motor.o
                                0xa44 (size before relaxing)
 .stab          0x00003c54      0x1c8 ./Source/02-ECUA/Relay/Src/Relay.o
                                0x45c (size before relaxing)
 .stab          0x00003e1c      0x27c ./Source/02-ECUA/Led/Src/Led.o
                                0x3b4 (size before relaxing)
 .stab          0x00004098      0x1bc ./Source/02-ECUA/LM35/Src/Lm35.o
                                0x27c (size before relaxing)
 .stab          0x00004254      0x918 ./Source/02-ECUA/LCD/Src/Lcd.o
                                0xbdc (size before relaxing)
 .stab          0x00004b6c      0x3e4 ./Source/02-ECUA/KeyPad/Src/KeyPad.o
                                0x684 (size before relaxing)
 .stab          0x00004f50      0x36c ./Source/02-ECUA/Hc05/Src/Hc05.o
                                0x588 (size before relaxing)
 .stab          0x000052bc      0x2dc ./Source/02-ECUA/Dc_Motor/Src/Dc_Motor.o
                                0x5a0 (size before relaxing)
 .stab          0x00005598      0x18c ./Source/02-ECUA/Buzzer/Src/Buzzer.o
                                0x294 (size before relaxing)
 .stab          0x00005724      0x240 ./Source/02-ECUA/Button/Src/Button.o
                                0x390 (size before relaxing)
 .stab          0x00005964      0x2d0 ./Source/01-MCAL/UART/Src/Uart.o
                                0x36c (size before relaxing)
 .stab          0x00005c34      0x21c ./Source/01-MCAL/Timer0/Src/Timer0.o
                                0x2ac (size before relaxing)
 .stab          0x00005e50       0xd8 ./Source/01-MCAL/TIMER1/Src/TIMER1.o
                                 0xe4 (size before relaxing)
 .stab          0x00005f28      0x3d8 ./Source/01-MCAL/SPI/Src/Spi.o
                                0x4e0 (size before relaxing)
 .stab          0x00006300      0x4ec ./Source/01-MCAL/I2C/Src/I2c.o
                                0x5f4 (size before relaxing)
 .stab          0x000067ec      0x15c ./Source/01-MCAL/GINT/Src/GINT.o
                                0x1ec (size before relaxing)
 .stab          0x00006948      0x30c ./Source/01-MCAL/EXTINT/Src/ExtInt.o
                                0x3d8 (size before relaxing)
 .stab          0x00006c54      0x1ec ./Source/01-MCAL/EEPROM/Src/Eeprom.o
                                0x27c (size before relaxing)
 .stab          0x00006e40      0x93c ./Source/01-MCAL/Dio/Src/Dio.o
                                0xa44 (size before relaxing)
 .stab          0x0000777c      0x210 ./Source/01-MCAL/ADC/Src/Adc.o
                                0x2d0 (size before relaxing)

.stabstr        0x00000000     0x2e82
 *(.stabstr)
 .stabstr       0x00000000     0x2e82 ./Source/04-APP/main.o

.stab.excl
 *(.stab.excl)

.stab.exclstr
 *(.stab.exclstr)

.stab.index
 *(.stab.index)

.stab.indexstr
 *(.stab.indexstr)

.comment
 *(.comment)

.debug
 *(.debug)

.line
 *(.line)

.debug_srcinfo
 *(.debug_srcinfo)

.debug_sfnames
 *(.debug_sfnames)

.debug_aranges  0x00000000      0x1a0
 *(.debug_aranges)
 .debug_aranges
                0x00000000       0x20 c:/winavr-20100110/bin/../lib/gcc/avr/4.3.3/avr5\libgcc.a(_fixunssfsi.o)
 .debug_aranges
                0x00000020       0x20 c:/winavr-20100110/bin/../lib/gcc/avr/4.3.3/avr5\libgcc.a(_addsub_sf.o)
 .debug_aranges
                0x00000040       0x20 c:/winavr-20100110/bin/../lib/gcc/avr/4.3.3/avr5\libgcc.a(_mul_sf.o)
 .debug_aranges
                0x00000060       0x20 c:/winavr-20100110/bin/../lib/gcc/avr/4.3.3/avr5\libgcc.a(_div_sf.o)
 .debug_aranges
                0x00000080       0x20 c:/winavr-20100110/bin/../lib/gcc/avr/4.3.3/avr5\libgcc.a(_gt_sf.o)
 .debug_aranges
                0x000000a0       0x20 c:/winavr-20100110/bin/../lib/gcc/avr/4.3.3/avr5\libgcc.a(_ge_sf.o)
 .debug_aranges
                0x000000c0       0x20 c:/winavr-20100110/bin/../lib/gcc/avr/4.3.3/avr5\libgcc.a(_lt_sf.o)
 .debug_aranges
                0x000000e0       0x20 c:/winavr-20100110/bin/../lib/gcc/avr/4.3.3/avr5\libgcc.a(_sf_to_si.o)
 .debug_aranges
                0x00000100       0x20 c:/winavr-20100110/bin/../lib/gcc/avr/4.3.3/avr5\libgcc.a(_usi_to_sf.o)
 .debug_aranges
                0x00000120       0x20 c:/winavr-20100110/bin/../lib/gcc/avr/4.3.3/avr5\libgcc.a(_clzsi2.o)
 .debug_aranges
                0x00000140       0x20 c:/winavr-20100110/bin/../lib/gcc/avr/4.3.3/avr5\libgcc.a(_pack_sf.o)
 .debug_aranges
                0x00000160       0x20 c:/winavr-20100110/bin/../lib/gcc/avr/4.3.3/avr5\libgcc.a(_unpack_sf.o)
 .debug_aranges
                0x00000180       0x20 c:/winavr-20100110/bin/../lib/gcc/avr/4.3.3/avr5\libgcc.a(_fpcmp_parts_sf.o)

.debug_pubnames
                0x00000000      0x1f2
 *(.debug_pubnames)
 .debug_pubnames
                0x00000000       0x23 c:/winavr-20100110/bin/../lib/gcc/avr/4.3.3/avr5\libgcc.a(_fixunssfsi.o)
 .debug_pubnames
                0x00000023       0x2c c:/winavr-20100110/bin/../lib/gcc/avr/4.3.3/avr5\libgcc.a(_addsub_sf.o)
 .debug_pubnames
                0x0000004f       0x1f c:/winavr-20100110/bin/../lib/gcc/avr/4.3.3/avr5\libgcc.a(_mul_sf.o)
 .debug_pubnames
                0x0000006e       0x1f c:/winavr-20100110/bin/../lib/gcc/avr/4.3.3/avr5\libgcc.a(_div_sf.o)
 .debug_pubnames
                0x0000008d       0x1e c:/winavr-20100110/bin/../lib/gcc/avr/4.3.3/avr5\libgcc.a(_gt_sf.o)
 .debug_pubnames
                0x000000ab       0x1e c:/winavr-20100110/bin/../lib/gcc/avr/4.3.3/avr5\libgcc.a(_ge_sf.o)
 .debug_pubnames
                0x000000c9       0x1e c:/winavr-20100110/bin/../lib/gcc/avr/4.3.3/avr5\libgcc.a(_lt_sf.o)
 .debug_pubnames
                0x000000e7       0x20 c:/winavr-20100110/bin/../lib/gcc/avr/4.3.3/avr5\libgcc.a(_sf_to_si.o)
 .debug_pubnames
                0x00000107       0x22 c:/winavr-20100110/bin/../lib/gcc/avr/4.3.3/avr5\libgcc.a(_thenan_sf.o)
 .debug_pubnames
                0x00000129       0x24 c:/winavr-20100110/bin/../lib/gcc/avr/4.3.3/avr5\libgcc.a(_usi_to_sf.o)
 .debug_pubnames
                0x0000014d       0x1f c:/winavr-20100110/bin/../lib/gcc/avr/4.3.3/avr5\libgcc.a(_clzsi2.o)
 .debug_pubnames
                0x0000016c       0x1f c:/winavr-20100110/bin/../lib/gcc/avr/4.3.3/avr5\libgcc.a(_pack_sf.o)
 .debug_pubnames
                0x0000018b       0x21 c:/winavr-20100110/bin/../lib/gcc/avr/4.3.3/avr5\libgcc.a(_unpack_sf.o)
 .debug_pubnames
                0x000001ac       0x26 c:/winavr-20100110/bin/../lib/gcc/avr/4.3.3/avr5\libgcc.a(_fpcmp_parts_sf.o)
 .debug_pubnames
                0x000001d2       0x20 c:/winavr-20100110/bin/../lib/gcc/avr/4.3.3/avr5\libgcc.a(_clz.o)

.debug_info     0x00000000     0x240b
 *(.debug_info)
 .debug_info    0x00000000       0xb1 c:/winavr-20100110/bin/../lib/gcc/avr/4.3.3/avr5\libgcc.a(_fixunssfsi.o)
 .debug_info    0x000000b1      0x47a c:/winavr-20100110/bin/../lib/gcc/avr/4.3.3/avr5\libgcc.a(_addsub_sf.o)
 .debug_info    0x0000052b      0x485 c:/winavr-20100110/bin/../lib/gcc/avr/4.3.3/avr5\libgcc.a(_mul_sf.o)
 .debug_info    0x000009b0      0x3fc c:/winavr-20100110/bin/../lib/gcc/avr/4.3.3/avr5\libgcc.a(_div_sf.o)
 .debug_info    0x00000dac      0x27f c:/winavr-20100110/bin/../lib/gcc/avr/4.3.3/avr5\libgcc.a(_gt_sf.o)
 .debug_info    0x0000102b      0x27f c:/winavr-20100110/bin/../lib/gcc/avr/4.3.3/avr5\libgcc.a(_ge_sf.o)
 .debug_info    0x000012aa      0x27f c:/winavr-20100110/bin/../lib/gcc/avr/4.3.3/avr5\libgcc.a(_lt_sf.o)
 .debug_info    0x00001529      0x2b0 c:/winavr-20100110/bin/../lib/gcc/avr/4.3.3/avr5\libgcc.a(_sf_to_si.o)
 .debug_info    0x000017d9      0x12c c:/winavr-20100110/bin/../lib/gcc/avr/4.3.3/avr5\libgcc.a(_thenan_sf.o)
 .debug_info    0x00001905      0x206 c:/winavr-20100110/bin/../lib/gcc/avr/4.3.3/avr5\libgcc.a(_usi_to_sf.o)
 .debug_info    0x00001b0b      0x117 c:/winavr-20100110/bin/../lib/gcc/avr/4.3.3/avr5\libgcc.a(_clzsi2.o)
 .debug_info    0x00001c22      0x2df c:/winavr-20100110/bin/../lib/gcc/avr/4.3.3/avr5\libgcc.a(_pack_sf.o)
 .debug_info    0x00001f01      0x251 c:/winavr-20100110/bin/../lib/gcc/avr/4.3.3/avr5\libgcc.a(_unpack_sf.o)
 .debug_info    0x00002152      0x210 c:/winavr-20100110/bin/../lib/gcc/avr/4.3.3/avr5\libgcc.a(_fpcmp_parts_sf.o)
 .debug_info    0x00002362       0xa9 c:/winavr-20100110/bin/../lib/gcc/avr/4.3.3/avr5\libgcc.a(_clz.o)
 *(.gnu.linkonce.wi.*)

.debug_abbrev   0x00000000     0x1386
 *(.debug_abbrev)
 .debug_abbrev  0x00000000       0x5d c:/winavr-20100110/bin/../lib/gcc/avr/4.3.3/avr5\libgcc.a(_fixunssfsi.o)
 .debug_abbrev  0x0000005d      0x1ea c:/winavr-20100110/bin/../lib/gcc/avr/4.3.3/avr5\libgcc.a(_addsub_sf.o)
 .debug_abbrev  0x00000247      0x21b c:/winavr-20100110/bin/../lib/gcc/avr/4.3.3/avr5\libgcc.a(_mul_sf.o)
 .debug_abbrev  0x00000462      0x216 c:/winavr-20100110/bin/../lib/gcc/avr/4.3.3/avr5\libgcc.a(_div_sf.o)
 .debug_abbrev  0x00000678      0x15a c:/winavr-20100110/bin/../lib/gcc/avr/4.3.3/avr5\libgcc.a(_gt_sf.o)
 .debug_abbrev  0x000007d2      0x15a c:/winavr-20100110/bin/../lib/gcc/avr/4.3.3/avr5\libgcc.a(_ge_sf.o)
 .debug_abbrev  0x0000092c      0x15a c:/winavr-20100110/bin/../lib/gcc/avr/4.3.3/avr5\libgcc.a(_lt_sf.o)
 .debug_abbrev  0x00000a86      0x17f c:/winavr-20100110/bin/../lib/gcc/avr/4.3.3/avr5\libgcc.a(_sf_to_si.o)
 .debug_abbrev  0x00000c05       0xad c:/winavr-20100110/bin/../lib/gcc/avr/4.3.3/avr5\libgcc.a(_thenan_sf.o)
 .debug_abbrev  0x00000cb2      0x157 c:/winavr-20100110/bin/../lib/gcc/avr/4.3.3/avr5\libgcc.a(_usi_to_sf.o)
 .debug_abbrev  0x00000e09       0xc4 c:/winavr-20100110/bin/../lib/gcc/avr/4.3.3/avr5\libgcc.a(_clzsi2.o)
 .debug_abbrev  0x00000ecd      0x1c0 c:/winavr-20100110/bin/../lib/gcc/avr/4.3.3/avr5\libgcc.a(_pack_sf.o)
 .debug_abbrev  0x0000108d      0x154 c:/winavr-20100110/bin/../lib/gcc/avr/4.3.3/avr5\libgcc.a(_unpack_sf.o)
 .debug_abbrev  0x000011e1      0x13b c:/winavr-20100110/bin/../lib/gcc/avr/4.3.3/avr5\libgcc.a(_fpcmp_parts_sf.o)
 .debug_abbrev  0x0000131c       0x6a c:/winavr-20100110/bin/../lib/gcc/avr/4.3.3/avr5\libgcc.a(_clz.o)

.debug_line     0x00000000     0x11d6
 *(.debug_line)
 .debug_line    0x00000000       0xa7 c:/winavr-20100110/bin/../lib/gcc/avr/4.3.3/avr5\libgcc.a(_fixunssfsi.o)
 .debug_line    0x000000a7      0x2af c:/winavr-20100110/bin/../lib/gcc/avr/4.3.3/avr5\libgcc.a(_addsub_sf.o)
 .debug_line    0x00000356      0x239 c:/winavr-20100110/bin/../lib/gcc/avr/4.3.3/avr5\libgcc.a(_mul_sf.o)
 .debug_line    0x0000058f      0x1d5 c:/winavr-20100110/bin/../lib/gcc/avr/4.3.3/avr5\libgcc.a(_div_sf.o)
 .debug_line    0x00000764       0xd3 c:/winavr-20100110/bin/../lib/gcc/avr/4.3.3/avr5\libgcc.a(_gt_sf.o)
 .debug_line    0x00000837       0xd3 c:/winavr-20100110/bin/../lib/gcc/avr/4.3.3/avr5\libgcc.a(_ge_sf.o)
 .debug_line    0x0000090a       0xd3 c:/winavr-20100110/bin/../lib/gcc/avr/4.3.3/avr5\libgcc.a(_lt_sf.o)
 .debug_line    0x000009dd      0x109 c:/winavr-20100110/bin/../lib/gcc/avr/4.3.3/avr5\libgcc.a(_sf_to_si.o)
 .debug_line    0x00000ae6       0x90 c:/winavr-20100110/bin/../lib/gcc/avr/4.3.3/avr5\libgcc.a(_thenan_sf.o)
 .debug_line    0x00000b76      0x133 c:/winavr-20100110/bin/../lib/gcc/avr/4.3.3/avr5\libgcc.a(_usi_to_sf.o)
 .debug_line    0x00000ca9       0xa5 c:/winavr-20100110/bin/../lib/gcc/avr/4.3.3/avr5\libgcc.a(_clzsi2.o)
 .debug_line    0x00000d4e      0x18a c:/winavr-20100110/bin/../lib/gcc/avr/4.3.3/avr5\libgcc.a(_pack_sf.o)
 .debug_line    0x00000ed8      0x14b c:/winavr-20100110/bin/../lib/gcc/avr/4.3.3/avr5\libgcc.a(_unpack_sf.o)
 .debug_line    0x00001023      0x137 c:/winavr-20100110/bin/../lib/gcc/avr/4.3.3/avr5\libgcc.a(_fpcmp_parts_sf.o)
 .debug_line    0x0000115a       0x7c c:/winavr-20100110/bin/../lib/gcc/avr/4.3.3/avr5\libgcc.a(_clz.o)

.debug_frame    0x00000000      0x1c0
 *(.debug_frame)
 .debug_frame   0x00000000       0x20 c:/winavr-20100110/bin/../lib/gcc/avr/4.3.3/avr5\libgcc.a(_fixunssfsi.o)
 .debug_frame   0x00000020       0x40 c:/winavr-20100110/bin/../lib/gcc/avr/4.3.3/avr5\libgcc.a(_addsub_sf.o)
 .debug_frame   0x00000060       0x20 c:/winavr-20100110/bin/../lib/gcc/avr/4.3.3/avr5\libgcc.a(_mul_sf.o)
 .debug_frame   0x00000080       0x20 c:/winavr-20100110/bin/../lib/gcc/avr/4.3.3/avr5\libgcc.a(_div_sf.o)
 .debug_frame   0x000000a0       0x20 c:/winavr-20100110/bin/../lib/gcc/avr/4.3.3/avr5\libgcc.a(_gt_sf.o)
 .debug_frame   0x000000c0       0x20 c:/winavr-20100110/bin/../lib/gcc/avr/4.3.3/avr5\libgcc.a(_ge_sf.o)
 .debug_frame   0x000000e0       0x20 c:/winavr-20100110/bin/../lib/gcc/avr/4.3.3/avr5\libgcc.a(_lt_sf.o)
 .debug_frame   0x00000100       0x20 c:/winavr-20100110/bin/../lib/gcc/avr/4.3.3/avr5\libgcc.a(_sf_to_si.o)
 .debug_frame   0x00000120       0x20 c:/winavr-20100110/bin/../lib/gcc/avr/4.3.3/avr5\libgcc.a(_usi_to_sf.o)
 .debug_frame   0x00000140       0x20 c:/winavr-20100110/bin/../lib/gcc/avr/4.3.3/avr5\libgcc.a(_clzsi2.o)
 .debug_frame   0x00000160       0x20 c:/winavr-20100110/bin/../lib/gcc/avr/4.3.3/avr5\libgcc.a(_pack_sf.o)
 .debug_frame   0x00000180       0x20 c:/winavr-20100110/bin/../lib/gcc/avr/4.3.3/avr5\libgcc.a(_unpack_sf.o)
 .debug_frame   0x000001a0       0x20 c:/winavr-20100110/bin/../lib/gcc/avr/4.3.3/avr5\libgcc.a(_fpcmp_parts_sf.o)

.debug_str      0x00000000      0x2f6
 *(.debug_str)
 .debug_str     0x00000000       0xbf c:/winavr-20100110/bin/../lib/gcc/avr/4.3.3/avr5\libgcc.a(_fixunssfsi.o)
                                 0xfe (size before relaxing)
 .debug_str     0x000000bf      0x14d c:/winavr-20100110/bin/../lib/gcc/avr/4.3.3/avr5\libgcc.a(_addsub_sf.o)
                                0x206 (size before relaxing)
 .debug_str     0x0000020c       0x27 c:/winavr-20100110/bin/../lib/gcc/avr/4.3.3/avr5\libgcc.a(_mul_sf.o)
                                0x1bf (size before relaxing)
 .debug_str     0x00000233       0x35 c:/winavr-20100110/bin/../lib/gcc/avr/4.3.3/avr5\libgcc.a(_div_sf.o)
                                0x1c8 (size before relaxing)
 .debug_str     0x00000268        0x8 c:/winavr-20100110/bin/../lib/gcc/avr/4.3.3/avr5\libgcc.a(_gt_sf.o)
                                0x195 (size before relaxing)
 .debug_str     0x00000270        0x8 c:/winavr-20100110/bin/../lib/gcc/avr/4.3.3/avr5\libgcc.a(_ge_sf.o)
                                0x195 (size before relaxing)
 .debug_str     0x00000278        0x8 c:/winavr-20100110/bin/../lib/gcc/avr/4.3.3/avr5\libgcc.a(_lt_sf.o)
                                0x195 (size before relaxing)
 .debug_str     0x00000280        0xa c:/winavr-20100110/bin/../lib/gcc/avr/4.3.3/avr5\libgcc.a(_sf_to_si.o)
                                0x19e (size before relaxing)
 .debug_str     0x00000000      0x103 c:/winavr-20100110/bin/../lib/gcc/avr/4.3.3/avr5\libgcc.a(_thenan_sf.o)
 .debug_str     0x0000028a       0x21 c:/winavr-20100110/bin/../lib/gcc/avr/4.3.3/avr5\libgcc.a(_usi_to_sf.o)
                                0x177 (size before relaxing)
 .debug_str     0x000002ab       0x20 c:/winavr-20100110/bin/../lib/gcc/avr/4.3.3/avr5\libgcc.a(_clzsi2.o)
                                0x111 (size before relaxing)
 .debug_str     0x000002cb       0x10 c:/winavr-20100110/bin/../lib/gcc/avr/4.3.3/avr5\libgcc.a(_pack_sf.o)
                                0x19d (size before relaxing)
 .debug_str     0x000002db        0xb c:/winavr-20100110/bin/../lib/gcc/avr/4.3.3/avr5\libgcc.a(_unpack_sf.o)
                                0x17f (size before relaxing)
 .debug_str     0x000002e6       0x10 c:/winavr-20100110/bin/../lib/gcc/avr/4.3.3/avr5\libgcc.a(_fpcmp_parts_sf.o)
                                0x163 (size before relaxing)
 .debug_str     0x00000000       0xf4 c:/winavr-20100110/bin/../lib/gcc/avr/4.3.3/avr5\libgcc.a(_clz.o)

.debug_loc      0x00000000      0x96e
 *(.debug_loc)
 .debug_loc     0x00000000       0x34 c:/winavr-20100110/bin/../lib/gcc/avr/4.3.3/avr5\libgcc.a(_fixunssfsi.o)
 .debug_loc     0x00000034      0x32a c:/winavr-20100110/bin/../lib/gcc/avr/4.3.3/avr5\libgcc.a(_addsub_sf.o)
 .debug_loc     0x0000035e      0x104 c:/winavr-20100110/bin/../lib/gcc/avr/4.3.3/avr5\libgcc.a(_mul_sf.o)
 .debug_loc     0x00000462       0xc0 c:/winavr-20100110/bin/../lib/gcc/avr/4.3.3/avr5\libgcc.a(_div_sf.o)
 .debug_loc     0x00000522       0x3c c:/winavr-20100110/bin/../lib/gcc/avr/4.3.3/avr5\libgcc.a(_gt_sf.o)
 .debug_loc     0x0000055e       0x3c c:/winavr-20100110/bin/../lib/gcc/avr/4.3.3/avr5\libgcc.a(_ge_sf.o)
 .debug_loc     0x0000059a       0x3c c:/winavr-20100110/bin/../lib/gcc/avr/4.3.3/avr5\libgcc.a(_lt_sf.o)
 .debug_loc     0x000005d6       0x7e c:/winavr-20100110/bin/../lib/gcc/avr/4.3.3/avr5\libgcc.a(_sf_to_si.o)
 .debug_loc     0x00000654       0x4c c:/winavr-20100110/bin/../lib/gcc/avr/4.3.3/avr5\libgcc.a(_usi_to_sf.o)
 .debug_loc     0x000006a0       0x94 c:/winavr-20100110/bin/../lib/gcc/avr/4.3.3/avr5\libgcc.a(_clzsi2.o)
 .debug_loc     0x00000734      0x13e c:/winavr-20100110/bin/../lib/gcc/avr/4.3.3/avr5\libgcc.a(_pack_sf.o)
 .debug_loc     0x00000872       0xac c:/winavr-20100110/bin/../lib/gcc/avr/4.3.3/avr5\libgcc.a(_unpack_sf.o)
 .debug_loc     0x0000091e       0x50 c:/winavr-20100110/bin/../lib/gcc/avr/4.3.3/avr5\libgcc.a(_fpcmp_parts_sf.o)

.debug_macinfo
 *(.debug_macinfo)
OUTPUT(OCT21_SmartHome.elf elf32-avr)
LOAD linker stubs

.debug_ranges   0x00000000       0x50
 .debug_ranges  0x00000000       0x50 c:/winavr-20100110/bin/../lib/gcc/avr/4.3.3/avr5\libgcc.a(_mul_sf.o)
